<?xml version="1.0" encoding="UTF-8"?>
<testsuites name="jest tests" tests="1" failures="0" time="3.223">
  <testsuite name="Generic Test" errors="0" failures="0" skipped="0" timestamp="2019-10-18T06:47:23" time="3.045" tests="1">
    <testcase classname="Generic Test test1" name="Generic Test test1" time="0.003">
    </testcase>
  </testsuite>
</testsuites>